{
  "annotations": {
    "title": "Get file or directory contents",
    "readOnlyHint": true
  },
  "description": "Get the contents of a file or directory from a GitHub repository. To ensure the file SHA is returned and prevent fallback to raw content, set `allow_raw_fallback` to `false`.",
  "inputSchema": {
    "properties": {
      "allow_raw_fallback": {
        "description": "Whether to allow falling back to getting raw content when the file is too large. When this is false, the file's SHA will always be returned.",
        "type": "boolean"
      },
      "ref": {
        "description": "Accepts optional git refs such as `refs/tags/{tag}`, `refs/heads/{branch}` or `refs/pull/{pr_number}/head`",
        "type": "string"
      },
      "owner": {
        "description": "Repository owner (username or organization)",
        "type": "string"
      },
      "path": {
        "description": "Path to file/directory (directories must end with a slash '/')",
        "type": "string"
      },
      "repo": {
        "description": "Repository name",
        "type": "string"
      },
      "sha": {
        "description": "Accepts optional git sha, if sha is specified it will be used instead of ref",
        "type": "string"
      }
    },
    "required": [
      "owner",
      "repo",
      "path"
    ],
    "type": "object"
  },
  "name": "get_file_contents"
}
